­ƒöî DATABASE URL: sqlite:///../dev.db
­ƒöî RESOLVED DB PATH: C:\Users\mahac\multinivel\tiendavirtual\miweb\CentroComercialTEI\dev.db
­ƒöî DATABASE URL: sqlite:///../dev.db
­ƒöî RESOLVED DB PATH: C:\Users\mahac\multinivel\tiendavirtual\miweb\CentroComercialTEI\dev.db
..\.venv\Scripts\python.exe : Traceback (most 
recent call last):
En línea: 1 Carácter: 1
+ ..\.venv\Scripts\python.exe 
test_admin_login.py > test_output.txt 2>& ...
+ ~~~~~~~~~~~~~~~~~~~~~~~~~~~~~~~~~~~~~~~~~~~~~~~
~~~~~~~~~~~~~~~~~~~~~~
    + CategoryInfo          : NotSpecified: (Tra 
   ceback (most recent call last)::String) [],   
  RemoteException
    + FullyQualifiedErrorId : NativeCommandError
 
  File "C:\Users\mahac\multinivel\tiendavirtual\m
iweb\CentroComercialTEI\.venv\Lib\site-packages\s
qlalchemy\engine\base.py", line 1967, in 
_exec_single_context
    self.dialect.do_execute(
    ~~~~~~~~~~~~~~~~~~~~~~~^
        cursor, str_statement, 
effective_parameters, context
        ^^^^^^^^^^^^^^^^^^^^^^^^^^^^^^^^^^^^^^^^^
^^^^^^^^^^^
    )
    ^
  File "C:\Users\mahac\multinivel\tiendavirtual\m
iweb\CentroComercialTEI\.venv\Lib\site-packages\s
qlalchemy\engine\default.py", line 951, in 
do_execute
    cursor.execute(statement, parameters)
    ~~~~~~~~~~~~~~^^^^^^^^^^^^^^^^^^^^^^^
sqlite3.OperationalError: no such column: 
users.transaction_pin

The above exception was the direct cause of the 
following exception:

Traceback (most recent call last):
  File "C:\Users\mahac\multinivel\tiendavirtual\m
iweb\CentroComercialTEI\backend\test_admin_login.
py", line 11, in <module>
    admin = db.query(User).filter(User.username 
== 'admin').first()
  File "C:\Users\mahac\multinivel\tiendavirtual\m
iweb\CentroComercialTEI\.venv\Lib\site-packages\s
qlalchemy\orm\query.py", line 2759, in first
    return self.limit(1)._iter().first()  # 
type: ignore
           ~~~~~~~~~~~~~~~~~~~^^
  File "C:\Users\mahac\multinivel\tiendavirtual\m
iweb\CentroComercialTEI\.venv\Lib\site-packages\s
qlalchemy\orm\query.py", line 2857, in _iter
    result: Union[ScalarResult[_T], Result[_T]] 
= self.session.execute(
                                                 
 ~~~~~~~~~~~~~~~~~~~~^
        statement,
        ^^^^^^^^^^
        params,
        ^^^^^^^
        
execution_options={"_sa_orm_load_options": 
self.load_options},
        ^^^^^^^^^^^^^^^^^^^^^^^^^^^^^^^^^^^^^^^^^
^^^^^^^^^^^^^^^^^^^^^
    )
    ^
  File "C:\Users\mahac\multinivel\tiendavirtual\m
iweb\CentroComercialTEI\.venv\Lib\site-packages\s
qlalchemy\orm\session.py", line 2351, in execute
    return self._execute_internal(
           ~~~~~~~~~~~~~~~~~~~~~~^
        statement,
        ^^^^^^^^^^
    ...<4 lines>...
        _add_event=_add_event,
        ^^^^^^^^^^^^^^^^^^^^^^
    )
    ^
  File "C:\Users\mahac\multinivel\tiendavirtual\m
iweb\CentroComercialTEI\.venv\Lib\site-packages\s
qlalchemy\orm\session.py", line 2249, in 
_execute_internal
    result: Result[Any] = 
compile_state_cls.orm_execute_statement(
                          
~~~~~~~~~~~~~~~~~~~~~~~~~~~~~~~~~~~~~~~^
        self,
        ^^^^^
    ...<4 lines>...
        conn,
        ^^^^^
    )
    ^
  File "C:\Users\mahac\multinivel\tiendavirtual\m
iweb\CentroComercialTEI\.venv\Lib\site-packages\s
qlalchemy\orm\context.py", line 306, in 
orm_execute_statement
    result = conn.execute(
        statement, params or {}, 
execution_options=execution_options
    )
  File "C:\Users\mahac\multinivel\tiendavirtual\m
iweb\CentroComercialTEI\.venv\Lib\site-packages\s
qlalchemy\engine\base.py", line 1419, in execute
    return meth(
        self,
        distilled_parameters,
        execution_options or NO_OPTIONS,
    )
  File "C:\Users\mahac\multinivel\tiendavirtual\m
iweb\CentroComercialTEI\.venv\Lib\site-packages\s
qlalchemy\sql\elements.py", line 526, in 
_execute_on_connection
    return connection._execute_clauseelement(
           ~~~~~~~~~~~~~~~~~~~~~~~~~~~~~~~~~^
        self, distilled_params, execution_options
        ^^^^^^^^^^^^^^^^^^^^^^^^^^^^^^^^^^^^^^^^^
    )
    ^
  File "C:\Users\mahac\multinivel\tiendavirtual\m
iweb\CentroComercialTEI\.venv\Lib\site-packages\s
qlalchemy\engine\base.py", line 1641, in 
_execute_clauseelement
    ret = self._execute_context(
        dialect,
    ...<8 lines>...
        cache_hit=cache_hit,
    )
  File "C:\Users\mahac\multinivel\tiendavirtual\m
iweb\CentroComercialTEI\.venv\Lib\site-packages\s
qlalchemy\engine\base.py", line 1846, in 
_execute_context
    return self._exec_single_context(
           ~~~~~~~~~~~~~~~~~~~~~~~~~^
        dialect, context, statement, parameters
        ^^^^^^^^^^^^^^^^^^^^^^^^^^^^^^^^^^^^^^^
    )
    ^
  File "C:\Users\mahac\multinivel\tiendavirtual\m
iweb\CentroComercialTEI\.venv\Lib\site-packages\s
qlalchemy\engine\base.py", line 1986, in 
_exec_single_context
    self._handle_dbapi_exception(
    ~~~~~~~~~~~~~~~~~~~~~~~~~~~~^
        e, str_statement, effective_parameters, 
cursor, context
        ^^^^^^^^^^^^^^^^^^^^^^^^^^^^^^^^^^^^^^^^^
^^^^^^^^^^^^^^
    )
    ^
  File "C:\Users\mahac\multinivel\tiendavirtual\m
iweb\CentroComercialTEI\.venv\Lib\site-packages\s
qlalchemy\engine\base.py", line 2355, in 
_handle_dbapi_exception
    raise 
sqlalchemy_exception.with_traceback(exc_info[2]) 
from e
  File "C:\Users\mahac\multinivel\tiendavirtual\m
iweb\CentroComercialTEI\.venv\Lib\site-packages\s
qlalchemy\engine\base.py", line 1967, in 
_exec_single_context
    self.dialect.do_execute(
    ~~~~~~~~~~~~~~~~~~~~~~~^
        cursor, str_statement, 
effective_parameters, context
        ^^^^^^^^^^^^^^^^^^^^^^^^^^^^^^^^^^^^^^^^^
^^^^^^^^^^^
    )
    ^
  File "C:\Users\mahac\multinivel\tiendavirtual\m
iweb\CentroComercialTEI\.venv\Lib\site-packages\s
qlalchemy\engine\default.py", line 951, in 
do_execute
    cursor.execute(statement, parameters)
    ~~~~~~~~~~~~~~^^^^^^^^^^^^^^^^^^^^^^^
sqlalchemy.exc.OperationalError: 
(sqlite3.OperationalError) no such column: 
users.transaction_pin
[SQL: SELECT users.id AS users_id, users.name AS 
users_name, users.username AS users_username, 
users.email AS users_email, users.status AS 
users_status, users.is_admin AS users_is_admin, 
users.referral_code AS users_referral_code, 
users.referred_by_id AS users_referred_by_id, 
users.referred_by AS users_referred_by, 
users.password AS users_password, 
users.transaction_pin AS users_transaction_pin, 
users.document_id AS users_document_id, 
users.gender AS users_gender, users.birth_date 
AS users_birth_date, users.phone AS users_phone, 
users.address AS users_address, users.city AS 
users_city, users.province AS users_province, 
users.postal_code AS users_postal_code, 
users.country AS users_country, 
users.monthly_earnings AS 
users_monthly_earnings, users.total_earnings AS 
users_total_earnings, users.available_balance AS 
users_available_balance, users.crypto_balance AS 
users_crypto_balance, users.purchase_balance AS 
users_purchase_balance, users.membership_number 
AS users_membership_number, 
users.membership_code AS users_membership_code, 
users.created_at AS users_created_at, 
users.updated_at AS users_updated_at 
FROM users 
WHERE users.username = ?
 LIMIT ? OFFSET ?]
[parameters: ('admin', 1, 0)]
(Background on this error at: 
https://sqlalche.me/e/20/e3q8)
